// Jest Snapshot v1, https://goo.gl/fbAQLP

exports[`Reviews tab list correctly renders 1`] = `
<div
  className="movie-card__reviews movie-card__row"
>
  <div
    className="movie-card__reviews-col"
  >
    <div
      className="review"
    >
      <blockquote
        className="review__quote"
      >
        <p
          className="review__text"
        >
          Discerning travellers and Wes Anderson fans will luxuriate in the glorious Mittel-European kitsch of one of the director's funniest and most exquisitely designed movies in years.
        </p>
        <footer
          className="review__details"
        >
          <cite
            className="review__author"
          >
            Kate Muir
          </cite>
          <time
            className="review__date"
            dateTime="2019-5-8"
          >
            May 8, 2019
          </time>
        </footer>
      </blockquote>
      <div
        className="review__rating"
      >
        8.9
      </div>
    </div>
  </div>
  <div
    className="movie-card__reviews-col"
  >
    <div
      className="review"
    >
      <blockquote
        className="review__quote"
      >
        <p
          className="review__text"
        >
          I laughed, cried and was speechless. 3 hours well used. It was a perfect. I will watch it again and again and again. 10 points well deserved!!!
        </p>
        <footer
          className="review__details"
        >
          <cite
            className="review__author"
          >
            Lika Forester
          </cite>
          <time
            className="review__date"
            dateTime="2019-5-13"
          >
            May 13, 2019
          </time>
        </footer>
      </blockquote>
      <div
        className="review__rating"
      >
        10
      </div>
    </div>
  </div>
</div>
`;
